ubuntu@DESKTOP-P8RL84J:~$ mkdir github_practice                                                                                                               ubuntu@DESKTOP-P8RL84J:~$ ls                                                                                                                                  github_practice                                                                                                                                               ubuntu@DESKTOP-P8RL84J:~$ help                                                                                                                                GNU bash, version 5.1.16(1)-release (x86_64-pc-linux-gnu)                                                                                                     These shell commands are defined internally.  Type `help' to see this list.                                                                                   Type `help name' to find out more about the function `name'.                                                                                                  Use `info bash' to find out more about the shell in general.                                                                                                  Use `man -k' or `info' to find out more about commands not in this list.                                                                                                                                                                                                                                                    A star (*) next to a name means that the command is disabled.                                                                                                                                                                                                                                                                job_spec [&]                                                                                             history [-c] [-d offset] [n] or history -anrw [filename] or history -ps arg [arg...]                                                                                                                               (( expression ))                                                                                         if COMMANDS; then COMMANDS; [ elif COMMANDS; then COMMANDS; ]... [ else COMMANDS; ] fi                                                                                                                             . filename [arguments]                                                                                   jobs [-lnprs] [jobspec ...] or jobs -x command [args]                                                                                                                                                              :                                                                                                        kill [-s sigspec | -n signum | -sigspec] pid | jobspec ... or kill -l [sigspec]                                                                                                                                    [ arg... ]                                                                                               let arg [arg ...]                                    [[ expression ]]                                                                                         local [option] name[=value] ...                      alias [-p] [name[=value] ... ]                                                                           logout [n]                                           bg [job_spec ...]                                                                                        mapfile [-d delim] [-n count] [-O origin] [-s count] [-t] [-u fd] [-C callback] [-c quantum] [array]                                                                                                               bind [-lpsvPSVX] [-m keymap] [-f filename] [-q name] [-u name] [-r keyseq] [-x keyseq:shell-command] [>  popd [-n] [+N | -N]                                  break [n]                                                                                                printf [-v var] format [arguments]                   builtin [shell-builtin [arg ...]]                                                                        pushd [-n] [+N | -N | dir]                           caller [expr]                                                                                            pwd [-LP]                                            case WORD in [PATTERN [| PATTERN]...) COMMANDS ;;]... esac                                               read [-ers] [-a array] [-d delim] [-i text] [-n nchars] [-N nchars] [-p prompt] [-t timeout] [-u fd] >                                                                                                             cd [-L|[-P [-e]] [-@]] [dir]                                                                             readarray [-d delim] [-n count] [-O origin] [-s count] [-t] [-u fd] [-C callback] [-c quantum] [arra>                                                                                                              command [-pVv] command [arg ...]                                                                         readonly [-aAf] [name[=value] ...] or readonly -p    compgen [-abcdefgjksuv] [-o option] [-A action] [-G globpat] [-W wordlist] [-F function] [-C command] >  return [n]                                           complete [-abcdefgjksuv] [-pr] [-DEI] [-o option] [-A action] [-G globpat] [-W wordlist] [-F function]>  select NAME [in WORDS ... ;] do COMMANDS; done       compopt [-o|+o option] [-DEI] [name ...]                                                                 set [-abefhkmnptuvxBCHP] [-o option-name] [--] [arg ...]                                                                                                                                                           continue [n]                                                                                             shift [n]                                            coproc [NAME] command [redirections]                                                                     shopt [-pqsu] [-o] [optname ...]                     declare [-aAfFgiIlnrtux] [-p] [name[=value] ...]                                                         source filename [arguments]                          dirs [-clpv] [+N] [-N]                                                                                   suspend [-f]                                         disown [-h] [-ar] [jobspec ... | pid ...]                                                                test [expr]                                          echo [-neE] [arg ...]                                                                                    time [-p] pipeline                                   enable [-a] [-dnps] [-f filename] [name ...]                                                             times                                                eval [arg ...]                                                                                           trap [-lp] [[arg] signal_spec ...]                   exec [-cl] [-a name] [command [argument ...]] [redirection ...]                                          true                                                 exit [n]                                                                                                 type [-afptP] name [name ...]                        export [-fn] [name[=value] ...] or export -p                                                             typeset [-aAfFgiIlnrtux] [-p] name[=value] ...       false                                                                                                    ulimit [-SHabcdefiklmnpqrstuvxPT] [limit]            fc [-e ename] [-lnr] [first] [last] or fc -s [pat=rep] [command]                                         umask [-p] [-S] [mode]                               fg [job_spec]                                                                                            unalias [-a] name [name ...]                         for NAME [in WORDS ... ] ; do COMMANDS; done                                                             unset [-f] [-v] [-n] [name ...]                      for (( exp1; exp2; exp3 )); do COMMANDS; done                                                            until COMMANDS; do COMMANDS; done                    function name { COMMANDS ; } or name () { COMMANDS ; }                                                   variables - Names and meanings of some shell variables                                                                                                                                                             getopts optstring name [arg ...]                                                                         wait [-fn] [-p var] [id ...]                         hash [-lr] [-p pathname] [-dt] [name ...]                                                                while COMMANDS; do COMMANDS; done                    help [-dms] [pattern ...]                                                                                { COMMANDS ; }                                      ubuntu@DESKTOP-P8RL84J:~$ mv github_practice                                                                                                                  mv: missing destination file operand after 'github_practice'                                                                                                  Try 'mv --help' for more information.                                                                                                                         ubuntu@DESKTOP-P8RL84J:~$ ls                                                                                                                                  github_practice                                                                                                                                               ubuntu@DESKTOP-P8RL84J:~$ cd github_practice                                                                                                                  ubuntu@DESKTOP-P8RL84J:~/github_practice$ ls -al                                                                                                              total 0                                                                                                                                                       drwxr-xr-x 1 ubuntu ubuntu 4096 Jan 11 23:09 .                                                                                                                drwxr-x--- 1 ubuntu ubuntu 4096 Jan 11 23:09 ..                                                                                                               ubuntu@DESKTOP-P8RL84J:~/github_practice$ git clone https://github.com/sdorado2/repo-practice.git                                                             Cloning into 'repo-practice'...                                                                                                                               remote: Enumerating objects: 3, done.                                                                                                                         remote: Counting objects: 100% (3/3), done.                                                                                                                   remote: Total 3 (delta 0), reused 0 (delta 0), pack-reused 0                                                                                                  Receiving objects: 100% (3/3), done.                                                                                                                          ubuntu@DESKTOP-P8RL84J:~/github_practice$ ls                                                                                                                  repo-practice                                                                                                                                                 ubuntu@DESKTOP-P8RL84J:~/github_practice$ cd repo-practice                                                                                                    ubuntu@DESKTOP-P8RL84J:~/github_practice/repo-practice$ ls                                                                                                    README.md                                                                                                                                                     ubuntu@DESKTOP-P8RL84J:~/github_practice/repo-practice$ cat README.md                                                                                         # repo-practiceubuntu@DESKTOP-P8RL84J:~/github_practice/repo-practice$ vm README.md                                                                           Command 'vm' not found, but can be installed with:                                                                                                            sudo apt install mgetty-voice                                                                                                                                 ubuntu@DESKTOP-P8RL84J:~/github_practice/repo-practice$ vim                                                                                                   ubuntu@DESKTOP-P8RL84J:~/github_practice/repo-practice$ vim README.md                                                                                         ubuntu@DESKTOP-P8RL84J:~/github_practice/repo-practice$ cat README.md                                                                                         hello world!                                                                                                                                                  # repo-practice                                                                                                                                               ubuntu@DESKTOP-P8RL84J:~/github_practice/repo-practice$ git status                                                                                            On branch main                                                                                                                                                Your branch is up to date with 'origin/main'.                                                                                                                                                                                                                                                                               Changes not staged for commit:                                                                                                                                  (use "git add <file>..." to update what will be committed)                                                                                                    (use "git restore <file>..." to discard changes in working directory)                                                                                               modified:   README.md                                                                                                                                                                                                                                                                                               no changes added to commit (use "git add" and/or "git commit -a")                                                                                             ubuntu@DESKTOP-P8RL84J:~/github_practice/repo-practice$ git add                                                                                               Nothing specified, nothing added.                                                                                                                             hint: Maybe you wanted to say 'git add .'?                                                                                                                    hint: Turn this message off by running                                                                                                                        hint: "git config advice.addEmptyPathspec false"                                                                                                              ubuntu@DESKTOP-P8RL84J:~/github_practice/repo-practice$ git add .                                                                                             ubuntu@DESKTOP-P8RL84J:~/github_practice/repo-practice$ git status                                                                                            On branch main                                                                                                                                                Your branch is up to date with 'origin/main'.                                                                                                                                                                                                                                                                               Changes to be committed:                                                                                                                                        (use "git restore --staged <file>..." to unstage)                                                                                                                   modified:   README.md                                                                                                                                                                                                                                                                                               ubuntu@DESKTOP-P8RL84J:~/github_practice/repo-practice$ git commit -m 'my first commit'                                                                       Author identity unknown                                                                                                                                                                                                                                                                                                     *** Please tell me who you are.                                                                                                                                                                                                                                                                                             Run                                                                                                                                                                                                                                                                                                                           git config --global user.email "you@example.com"                                                                                                              git config --global user.name "Your Name"                                                                                                                                                                                                                                                                                 to set your account's default identity.                                                                                                                       Omit --global to set the identity only in this repository.                                                                                                                                                                                                                                                                  fatal: empty ident name (for <ubuntu@DESKTOP-P8RL84J.localdomain>) not allowed                                                                                ubuntu@DESKTOP-P8RL84J:~/github_practice/repo-practice$ git config --global user.name "sdorado2" $ git config --global user.email "sdorado2@gmail.com"        usage: git config [<options>]                                                                                                                                                                                                                                                                                               Config file location                                                                                                                                              --global              use global config file                                                                                                                  --system              use system config file                                                                                                                  --local               use repository config file                                                                                                              --worktree            use per-worktree config file                                                                                                            -f, --file <file>     use given config file                                                                                                                   --blob <blob-id>      read config from given blob object                                                                                                                                                                                                                                                                Action                                                                                                                                                            --get                 get value: name [value-pattern]                                                                                                         --get-all             get all values: key [value-pattern]                                                                                                     --get-regexp          get values for regexp: name-regex [value-pattern]                                                                                       --get-urlmatch        get value specific for the URL: section[.var] URL                                                                                       --replace-all         replace all matching variables: name value [value-pattern]                                                                              --add                 add a new variable: name value                                                                                                          --unset               remove a variable: name [value-pattern]                                                                                                 --unset-all           remove all matches: name [value-pattern]                                                                                                --rename-section      rename section: old-name new-name                                                                                                       --remove-section      remove a section: name                                                                                                                  -l, --list            list all                                                                                                                                --fixed-value         use string equality when comparing values to 'value-pattern'                                                                            -e, --edit            open an editor                                                                                                                          --get-color           find the color configured: slot [default]                                                                                               --get-colorbool       find the color setting: slot [stdout-is-tty]                                                                                                                                                                                                                                                      Type                                                                                                                                                              -t, --type <>         value is given this type                                                                                                                --bool                value is "true" or "false"                                                                                                              --int                 value is decimal number                                                                                                                 --bool-or-int         value is --bool or --int                                                                                                                --bool-or-str         value is --bool or string                                                                                                               --path                value is a path (file or directory name)                                                                                                --expiry-date         value is an expiry date                                                                                                                                                                                                                                                                           Other                                                                                                                                                             -z, --null            terminate values with NUL byte                                                                                                          --name-only           show variable names only                                                                                                                --includes            respect include directives on lookup                                                                                                    --show-origin         show origin of config (file, standard input, blob, command line)                                                                        --show-scope          show scope of config (worktree, local, global, system, command)                                                                         --default <value>     with --get, use default value when missing entry                                                                                                                                                                                                                                                  ubuntu@DESKTOP-P8RL84J:~/github_practice/repo-practice$ git config --global user.email "sdorado2@gmail.com"                                                   ubuntu@DESKTOP-P8RL84J:~/github_practice/repo-practice$ git config --global user.name "sdorado2"                                                              ubuntu@DESKTOP-P8RL84J:~/github_practice/repo-practice$ git commit -m 'my first commit'                                                                       [main 774003c] my first commit                                                                                                                                 1 file changed, 2 insertions(+), 1 deletion(-)                                                                                                               ubuntu@DESKTOP-P8RL84J:~/github_practice/repo-practice$ git push origin master                                                                                error: src refspec master does not match any                                                                                                                  error: failed to push some refs to 'https://github.com/sdorado2/repo-practice.git'                                                                            ubuntu@DESKTOP-P8RL84J:~/github_practice/repo-practice$ ls                                                                                                    README.md                                                                                                                                                     ubuntu@DESKTOP-P8RL84J:~/github_practice/repo-practice$ cat README.md                                                                                         hello world!                                                                                                                                                  # repo-practice                                                                                                                                               ubuntu@DESKTOP-P8RL84J:~/github_practice/repo-practice$ git status                                                                                            On branch main                                                                                                                                                Your branch is ahead of 'origin/main' by 1 commit.                                                                                                              (use "git push" to publish your local commits)                                                                                                                                                                                                                                                                            nothing to commit, working tree clean                                                                                                                         ubuntu@DESKTOP-P8RL84J:~/github_practice/repo-practice$ git push -u origin master                                                                             error: src refspec master does not match any                                                                                                                  error: failed to push some refs to 'https://github.com/sdorado2/repo-practice.git'                                                                            ubuntu@DESKTOP-P8RL84J:~/github_practice/repo-practice$ git init                                                                                              Reinitialized existing Git repository in /home/ubuntu/github_practice/repo-practice/.git/                                                                     ubuntu@DESKTOP-P8RL84J:~/github_practice/repo-practice$ git add .                                                                                             ubuntu@DESKTOP-P8RL84J:~/github_practice/repo-practice$ git commit -m 'Second Commit'                                                                         On branch main                                                                                                                                                Your branch is ahead of 'origin/main' by 1 commit.                                                                                                              (use "git push" to publish your local commits)                                                                                                                                                                                                                                                                            nothing to commit, working tree clean                                                                                                                         ubuntu@DESKTOP-P8RL84J:~/github_practice/repo-practice$ git push -u origin master                                                                             error: src refspec master does not match any                                                                                                                  error: failed to push some refs to 'https://github.com/sdorado2/repo-practice.git'                                                                            ubuntu@DESKTOP-P8RL84J:~/github_practice/repo-practice$ git push origin master                                                                                error: src refspec master does not match any                                                                                                                  error: failed to push some refs to 'https://github.com/sdorado2/repo-practice.git'                                                                            ubuntu@DESKTOP-P8RL84J:~/github_practice/repo-practice$ git push                                                                                              Username for 'https://github.com': sdorado2                                                                                                                   Password for 'https://sdorado2@github.com':                                                                                                                   remote: Support for password authentication was removed on August 13, 2021.                                                                                   remote: Please see https://docs.github.com/en/get-started/getting-started-with-git/about-remote-repositories#cloning-with-https-urls for information on currently recommended modes of authentication.                                                                                                                      fatal: Authentication failed for 'https://github.com/sdorado2/repo-practice.git/'                                                                             ubuntu@DESKTOP-P8RL84J:~/github_practice/repo-practice$ ^C                                                                                                    ubuntu@DESKTOP-P8RL84J:~/github_practice/repo-practice$ git push                                                                                              Username for 'https://github.com': sdorado2                                                                                                                   Password for 'https://sdorado2@github.com':                                                                                                                   remote: Permission to sdorado2/repo-practice.git denied to sdorado2.                                                                                          fatal: unable to access 'https://github.com/sdorado2/repo-practice.git/': The requested URL returned error: 403                                               ubuntu@DESKTOP-P8RL84J:~/github_practice/repo-practice$ git push                                                                                              Username for 'https://github.com': sdorado2                                                                                                                   Password for 'https://sdorado2@github.com':                                                                                                                   remote: Permission to sdorado2/repo-practice.git denied to sdorado2.                                                                                          fatal: unable to access 'https://github.com/sdorado2/repo-practice.git/': The requested URL returned error: 403                                               ubuntu@DESKTOP-P8RL84J:~/github_practice/repo-practice$ git push                                                                                              Username for 'https://github.com': sdorado2                                                                                                                   Password for 'https://sdorado2@github.com':                                                                                                                   remote: Support for password authentication was removed on August 13, 2021.                                                                                   remote: Please see https://docs.github.com/en/get-started/getting-started-with-git/about-remote-repositories#cloning-with-https-urls for information on currently recommended modes of authentication.                                                                                                                      fatal: Authentication failed for 'https://github.com/sdorado2/repo-practice.git/'                                                                             ubuntu@DESKTOP-P8RL84J:~/github_practice/repo-practice$ git push                                                                                              Username for 'https://github.com': sdorado                                                                                                                    Password for 'https://sdorado@github.com':                                                                                                                    remote: Invalid username or password.                                                                                                                         fatal: Authentication failed for 'https://github.com/sdorado2/repo-practice.git/'                                                                             ubuntu@DESKTOP-P8RL84J:~/github_practice/repo-practice$ git push                                                                                              Username for 'https://github.com': sdorado2                                                                                                                   Password for 'https://sdorado2@github.com':                                                                                                                   remote: Invalid username or password.                                                                                                                         fatal: Authentication failed for 'https://github.com/sdorado2/repo-practice.git/'                                                                             ubuntu@DESKTOP-P8RL84J:~/github_practice/repo-practice$ git remote -v                                                                                         origin  https://github.com/sdorado2/repo-practice.git (fetch)                                                                                                 origin  https://github.com/sdorado2/repo-practice.git (push)                                                                                                  ubuntu@DESKTOP-P8RL84J:~/github_practice/repo-practice$ git push                                                                                              Username for 'https://github.com': sdorado2                                                                                                                   Password for 'https://sdorado2@github.com':                                                                                                                   remote: Permission to sdorado2/repo-practice.git denied to sdorado2.                                                                                          fatal: unable to access 'https://github.com/sdorado2/repo-practice.git/': The requested URL returned error: 403                                               ubuntu@DESKTOP-P8RL84J:~/github_practice/repo-practice$ git config credential.helper                                                                          ubuntu@DESKTOP-P8RL84J:~/github_practice/repo-practice$ git push                                                                                              Username for 'https://github.com': sdorado2                                                                                                                   Password for 'https://sdorado2@github.com':                                                                                                                   remote: Invalid username or password.                                                                                                                         fatal: Authentication failed for 'https://github.com/sdorado2/repo-practice.git/'                                                                             ubuntu@DESKTOP-P8RL84J:~/github_practice/repo-practice$ git config credential.helper                                                                          ubuntu@DESKTOP-P8RL84J:~/github_practice/repo-practice$ git remote -v                                                                                         origin  https://github.com/sdorado2/repo-practice.git (fetch)                                                                                                 origin  https://github.com/sdorado2/repo-practice.git (push)                                                                                                  ubuntu@DESKTOP-P8RL84J:~/github_practice/repo-practice$ git push origin master                                                                                error: src refspec master does not match any                                                                                                                  error: failed to push some refs to 'https://github.com/sdorado2/repo-practice.git'                                                                            ubuntu@DESKTOP-P8RL84J:~/github_practice/repo-practice$ git checkout master                                                                                   error: pathspec 'master' did not match any file(s) known to git                                                                                               ubuntu@DESKTOP-P8RL84J:~/github_practice/repo-practice$ git checkout                                                                                          Your branch is ahead of 'origin/main' by 1 commit.                                                                                                              (use "git push" to publish your local commits)                                                                                                              ubuntu@DESKTOP-P8RL84J:~/github_practice/repo-practice$ git push origin main                                                                                  Username for 'https://github.com': sdorado2                                                                                                                   Password for 'https://sdorado2@github.com':                                                                                                                   remote: Permission to sdorado2/repo-practice.git denied to sdorado2.                                                                                          fatal: unable to access 'https://github.com/sdorado2/repo-practice.git/': The requested URL returned error: 403                                               ubuntu@DESKTOP-P8RL84J:~/github_practice/repo-practice$ git push -u origin main                                                                               Username for 'https://github.com': sdorado2                                                                                                                   Password for 'https://sdorado2@github.com':                                                                                                                   remote: Permission to sdorado2/repo-practice.git denied to sdorado2.                                                                                          fatal: unable to access 'https://github.com/sdorado2/repo-practice.git/': The requested URL returned error: 403                                               ubuntu@DESKTOP-P8RL84J:~/github_practice/repo-practice$ git push -u origin main                                                                               Username for 'https://github.com': sdorado2                                                                                                                   Password for 'https://sdorado2@github.com':                                                                                                                   Enumerating objects: 5, done.                                                                                                                                 Counting objects: 100% (5/5), done.                                                                                                                           Writing objects: 100% (3/3), 267 bytes | 133.00 KiB/s, done.                                                                                                  Total 3 (delta 0), reused 0 (delta 0), pack-reused 0                                                                                                          remote: error: GH007: Your push would publish a private email address.                                                                                        remote: You can make your email public or disable this protection by visiting:                                                                                remote: http://github.com/settings/emails                                                                                                                     To https://github.com/sdorado2/repo-practice.git                                                                                                               ! [remote rejected] main -> main (push declined due to email privacy restrictions)                                                                           error: failed to push some refs to 'https://github.com/sdorado2/repo-practice.git'                                                                            ubuntu@DESKTOP-P8RL84J:~/github_practice/repo-practice$ git push -u origin main                                                                               Username for 'https://github.com': sdorado2                                                                                                                   Password for 'https://sdorado2@github.com':                                                                                                                   Enumerating objects: 5, done.                                                                                                                                 Counting objects: 100% (5/5), done.                                                                                                                           Writing objects: 100% (3/3), 267 bytes | 133.00 KiB/s, done.                                                                                                  Total 3 (delta 0), reused 0 (delta 0), pack-reused 0                                                                                                          To https://github.com/sdorado2/repo-practice.git                                                                                                                 efdd5c1..774003c  main -> main                                                                                                                             Branch 'main' set up to track remote branch 'main' from 'origin'.                                                                                             ubuntu@DESKTOP-P8RL84J:~/github_practice/repo-practice$ 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  