ubuntu@DESKTOP-P8RL84J:~$ ls                                                                                                                                  github_practice                                                                                                                                               ubuntu@DESKTOP-P8RL84J:~$ cd github_practice                                                                                                                  ubuntu@DESKTOP-P8RL84J:~/github_practice$ ls                                                                                                                  repo-practice                                                                                                                                                 ubuntu@DESKTOP-P8RL84J:~/github_practice$ git status                                                                                                          On branch master                                                                                                                                                                                                                                                                                                            No commits yet                                                                                                                                                                                                                                                                                                              Untracked files:                                                                                                                                                (use "git add <file>..." to include in what will be committed)                                                                                                      ../.bash_history                                                                                                                                              ../.bash_logout                                                                                                                                               ../.bashrc                                                                                                                                                    ../.gitconfig                                                                                                                                                 ../.lesshst                                                                                                                                                   ../.motd_shown                                                                                                                                                ../.profile                                                                                                                                                   ../.viminfo                                                                                                                                                   ./                                                                                                                                                                                                                                                                                                                  nothing added to commit but untracked files present (use "git add" to track)                                                                                  ubuntu@DESKTOP-P8RL84J:~/github_practice$ cd repo-practice                                                                                                    ubuntu@DESKTOP-P8RL84J:~/github_practice/repo-practice$ ls                                                                                                    README.md                                                                                                                                                     ubuntu@DESKTOP-P8RL84J:~/github_practice/repo-practice$ git status                                                                                            On branch main                                                                                                                                                Your branch is up to date with 'origin/main'.                                                                                                                                                                                                                                                                               nothing to commit, working tree clean                                                                                                                         ubuntu@DESKTOP-P8RL84J:~/github_practice/repo-practice$ git remote -v                                                                                         origin  https://github.com/sdorado2/repo-practice.git (fetch)                                                                                                 origin  https://github.com/sdorado2/repo-practice.git (push)                                                                                                  ubuntu@DESKTOP-P8RL84J:~/github_practice/repo-practice$ cd..                                                                                                  cd..: command not found                                                                                                                                       ubuntu@DESKTOP-P8RL84J:~/github_practice/repo-practice$ cd ..                                                                                                 ubuntu@DESKTOP-P8RL84J:~/github_practice$ mkdir another_project                                                                                               ubuntu@DESKTOP-P8RL84J:~/github_practice$ cd another_project                                                                                                  ubuntu@DESKTOP-P8RL84J:~/github_practice/another_project$ ls                                                                                                  ubuntu@DESKTOP-P8RL84J:~/github_practice/another_project$ git status                                                                                          On branch master                                                                                                                                                                                                                                                                                                            No commits yet                                                                                                                                                                                                                                                                                                              Untracked files:                                                                                                                                                (use "git add <file>..." to include in what will be committed)                                                                                                      ../../.bash_history                                                                                                                                           ../../.bash_logout                                                                                                                                            ../../.bashrc                                                                                                                                                 ../../.gitconfig                                                                                                                                              ../../.lesshst                                                                                                                                                ../../.motd_shown                                                                                                                                             ../../.profile                                                                                                                                                ../../.viminfo                                                                                                                                                ../                                                                                                                                                                                                                                                                                                                 nothing added to commit but untracked files present (use "git add" to track)                                                                                  ubuntu@DESKTOP-P8RL84J:~/github_practice/another_project$ git init                                                                                            hint: Using 'master' as the name for the initial branch. This default branch name                                                                             hint: is subject to change. To configure the initial branch name to use in all                                                                                hint: of your new repositories, which will suppress this warning, call:                                                                                       hint:                                                                                                                                                         hint:   git config --global init.defaultBranch <name>                                                                                                         hint:                                                                                                                                                         hint: Names commonly chosen instead of 'master' are 'main', 'trunk' and                                                                                       hint: 'development'. The just-created branch can be renamed via this command:                                                                                 hint:                                                                                                                                                         hint:   git branch -m <name>                                                                                                                                  Initialized empty Git repository in /home/ubuntu/github_practice/another_project/.git/                                                                        ubuntu@DESKTOP-P8RL84J:~/github_practice/another_project$ git status                                                                                          On branch master                                                                                                                                                                                                                                                                                                            No commits yet                                                                                                                                                                                                                                                                                                              nothing to commit (create/copy files and use "git add" to track)                                                                                              ubuntu@DESKTOP-P8RL84J:~/github_practice/another_project$ touch README.md                                                                                     ubuntu@DESKTOP-P8RL84J:~/github_practice/another_project$ code README.md                                                                                      ubuntu@DESKTOP-P8RL84J:~/github_practice/another_project$ git add README.md                                                                                   ubuntu@DESKTOP-P8RL84J:~/github_practice/another_project$ git commit -m 'first commit'                                                                        [master (root-commit) 5f4132d] first commit                                                                                                                    1 file changed, 1 insertion(+)                                                                                                                                create mode 100644 README.md                                                                                                                                 ubuntu@DESKTOP-P8RL84J:~/github_practice/another_project$ git remote add origin https://github.com/sdorado2/another_project.git                               ubuntu@DESKTOP-P8RL84J:~/github_practice/another_project$ git remote -v                                                                                       origin  https://github.com/sdorado2/another_project.git (fetch)                                                                                               origin  https://github.com/sdorado2/another_project.git (push)                                                                                                ubuntu@DESKTOP-P8RL84J:~/github_practice/another_project$ git push -u origin main                                                                             error: src refspec main does not match any                                                                                                                    error: failed to push some refs to 'https://github.com/sdorado2/another_project.git'                                                                          ubuntu@DESKTOP-P8RL84J:~/github_practice/another_project$ git branch -M main                                                                                  ubuntu@DESKTOP-P8RL84J:~/github_practice/another_project$ git push -u origin main                                                                             Username for 'https://github.com': sdorado2                                                                                                                   Password for 'https://sdorado2@github.com':                                                                                                                   remote: Invalid username or password.                                                                                                                         fatal: Authentication failed for 'https://github.com/sdorado2/another_project.git/'                                                                           ubuntu@DESKTOP-P8RL84J:~/github_practice/another_project$ git push -u origin main                                                                             Username for 'https://github.com': sdorado2                                                                                                                   Password for 'https://sdorado2@github.com':                                                                                                                   Enumerating objects: 3, done.                                                                                                                                 Counting objects: 100% (3/3), done.                                                                                                                           Writing objects: 100% (3/3), 232 bytes | 11.00 KiB/s, done.                                                                                                   Total 3 (delta 0), reused 0 (delta 0), pack-reused 0                                                                                                          To https://github.com/sdorado2/another_project.git                                                                                                             * [new branch]      main -> main                                                                                                                             Branch 'main' set up to track remote branch 'main' from 'origin'.                                                                                             ubuntu@DESKTOP-P8RL84J:~/github_practice/another_project$ 